// Jest Snapshot v1, https://goo.gl/fbAQLP

exports[`<OrdersByPayment /> component should render with simple data 1`] = `
ShallowWrapper {
  Symbol(enzyme.__root__): [Circular],
  Symbol(enzyme.__unrendered__): <OrdersByPayment
    data={
      Array [
        Object {
          "x": "Cats",
          "y": 35,
        },
        Object {
          "x": "Dogs",
          "y": 40,
        },
        Object {
          "x": "Birds",
          "y": 55,
        },
      ]
    }
  />,
  Symbol(enzyme.__renderer__): Object {
    "batchedUpdates": [Function],
    "getNode": [Function],
    "render": [Function],
    "simulateError": [Function],
    "simulateEvent": [Function],
    "unmount": [Function],
  },
  Symbol(enzyme.__node__): Object {
    "instance": null,
    "key": undefined,
    "nodeType": "function",
    "props": Object {
      "data": Array [
        Object {
          "x": "Cats",
          "y": 35,
        },
        Object {
          "x": "Dogs",
          "y": 40,
        },
        Object {
          "x": "Birds",
          "y": 55,
        },
      ],
    },
    "ref": null,
    "rendered": null,
    "type": [Function],
  },
  Symbol(enzyme.__nodes__): Array [
    Object {
      "instance": null,
      "key": undefined,
      "nodeType": "function",
      "props": Object {
        "data": Array [
          Object {
            "x": "Cats",
            "y": 35,
          },
          Object {
            "x": "Dogs",
            "y": 40,
          },
          Object {
            "x": "Birds",
            "y": 55,
          },
        ],
      },
      "ref": null,
      "rendered": null,
      "type": [Function],
    },
  ],
  Symbol(enzyme.__options__): Object {
    "adapter": ReactSixteenAdapter {
      "options": Object {
        "enableComponentDidUpdateOnSetState": true,
        "lifecycles": Object {
          "componentDidUpdate": Object {
            "onSetState": true,
          },
          "getDerivedStateFromProps": true,
          "getSnapshotBeforeUpdate": true,
          "setState": Object {
            "skipsComponentDidUpdateOnNullish": true,
          },
        },
      },
    },
  },
}
`;
