// Jest Snapshot v1, https://goo.gl/fbAQLP

exports[`<OrdersCountPie /> Component should render children and match snapshot 1`] = `
ShallowWrapper {
  Symbol(enzyme.__root__): [Circular],
  Symbol(enzyme.__unrendered__): <OrdersCountPie
    orders={
      Object {
        "add": [Function],
        "all": [Function],
        "allFiltered": [Function],
        "dimension": [Function],
        "groupAll": [Function],
        "isElementFiltered": [Function],
        "onChange": [Function],
        "remove": [Function],
        "size": [Function],
      }
    }
  />,
  Symbol(enzyme.__renderer__): Object {
    "batchedUpdates": [Function],
    "getNode": [Function],
    "render": [Function],
    "simulateError": [Function],
    "simulateEvent": [Function],
    "unmount": [Function],
  },
  Symbol(enzyme.__node__): Object {
    "instance": null,
    "key": undefined,
    "nodeType": "host",
    "props": Object {
      "children": <FlexGridRow
        gutter={48}
        justify="space-around"
      >
        <PieChart
          data={
            Array [
              Object {
                "key": "Cash",
                "value": 8,
              },
              Object {
                "key": "CreditCard",
                "value": 13,
              },
              Object {
                "key": "KNET",
                "value": 6,
              },
            ]
          }
          onClick={[Function]}
          x="key"
          y="value"
        />
        <PieChart
          data={
            Array [
              Object {
                "key": "N/A",
                "value": 27,
              },
            ]
          }
          onClick={[Function]}
          x="key"
          y="value"
        />
        <PieChart
          data={
            Array [
              Object {
                "key": "Afternoon",
                "value": 12,
              },
              Object {
                "key": "Evening",
                "value": 1,
              },
              Object {
                "key": "Morning",
                "value": 7,
              },
              Object {
                "key": "N/A",
                "value": 1,
              },
              Object {
                "key": "Night",
                "value": 6,
              },
            ]
          }
          onClick={[Function]}
          x="key"
          y="value"
        />
      </FlexGridRow>,
    },
    "ref": null,
    "rendered": Object {
      "instance": null,
      "key": undefined,
      "nodeType": "function",
      "props": Object {
        "children": Array [
          <PieChart
            data={
              Array [
                Object {
                  "key": "Cash",
                  "value": 8,
                },
                Object {
                  "key": "CreditCard",
                  "value": 13,
                },
                Object {
                  "key": "KNET",
                  "value": 6,
                },
              ]
            }
            onClick={[Function]}
            x="key"
            y="value"
          />,
          <PieChart
            data={
              Array [
                Object {
                  "key": "N/A",
                  "value": 27,
                },
              ]
            }
            onClick={[Function]}
            x="key"
            y="value"
          />,
          <PieChart
            data={
              Array [
                Object {
                  "key": "Afternoon",
                  "value": 12,
                },
                Object {
                  "key": "Evening",
                  "value": 1,
                },
                Object {
                  "key": "Morning",
                  "value": 7,
                },
                Object {
                  "key": "N/A",
                  "value": 1,
                },
                Object {
                  "key": "Night",
                  "value": 6,
                },
              ]
            }
            onClick={[Function]}
            x="key"
            y="value"
          />,
        ],
        "gutter": 48,
        "justify": "space-around",
      },
      "ref": null,
      "rendered": Array [
        Object {
          "instance": null,
          "key": undefined,
          "nodeType": "function",
          "props": Object {
            "data": Array [
              Object {
                "key": "Cash",
                "value": 8,
              },
              Object {
                "key": "CreditCard",
                "value": 13,
              },
              Object {
                "key": "KNET",
                "value": 6,
              },
            ],
            "onClick": [Function],
            "x": "key",
            "y": "value",
          },
          "ref": null,
          "rendered": null,
          "type": [Function],
        },
        Object {
          "instance": null,
          "key": undefined,
          "nodeType": "function",
          "props": Object {
            "data": Array [
              Object {
                "key": "N/A",
                "value": 27,
              },
            ],
            "onClick": [Function],
            "x": "key",
            "y": "value",
          },
          "ref": null,
          "rendered": null,
          "type": [Function],
        },
        Object {
          "instance": null,
          "key": undefined,
          "nodeType": "function",
          "props": Object {
            "data": Array [
              Object {
                "key": "Afternoon",
                "value": 12,
              },
              Object {
                "key": "Evening",
                "value": 1,
              },
              Object {
                "key": "Morning",
                "value": 7,
              },
              Object {
                "key": "N/A",
                "value": 1,
              },
              Object {
                "key": "Night",
                "value": 6,
              },
            ],
            "onClick": [Function],
            "x": "key",
            "y": "value",
          },
          "ref": null,
          "rendered": null,
          "type": [Function],
        },
      ],
      "type": [Function],
    },
    "type": "div",
  },
  Symbol(enzyme.__nodes__): Array [
    Object {
      "instance": null,
      "key": undefined,
      "nodeType": "host",
      "props": Object {
        "children": <FlexGridRow
          gutter={48}
          justify="space-around"
        >
          <PieChart
            data={
              Array [
                Object {
                  "key": "Cash",
                  "value": 8,
                },
                Object {
                  "key": "CreditCard",
                  "value": 13,
                },
                Object {
                  "key": "KNET",
                  "value": 6,
                },
              ]
            }
            onClick={[Function]}
            x="key"
            y="value"
          />
          <PieChart
            data={
              Array [
                Object {
                  "key": "N/A",
                  "value": 27,
                },
              ]
            }
            onClick={[Function]}
            x="key"
            y="value"
          />
          <PieChart
            data={
              Array [
                Object {
                  "key": "Afternoon",
                  "value": 12,
                },
                Object {
                  "key": "Evening",
                  "value": 1,
                },
                Object {
                  "key": "Morning",
                  "value": 7,
                },
                Object {
                  "key": "N/A",
                  "value": 1,
                },
                Object {
                  "key": "Night",
                  "value": 6,
                },
              ]
            }
            onClick={[Function]}
            x="key"
            y="value"
          />
        </FlexGridRow>,
      },
      "ref": null,
      "rendered": Object {
        "instance": null,
        "key": undefined,
        "nodeType": "function",
        "props": Object {
          "children": Array [
            <PieChart
              data={
                Array [
                  Object {
                    "key": "Cash",
                    "value": 8,
                  },
                  Object {
                    "key": "CreditCard",
                    "value": 13,
                  },
                  Object {
                    "key": "KNET",
                    "value": 6,
                  },
                ]
              }
              onClick={[Function]}
              x="key"
              y="value"
            />,
            <PieChart
              data={
                Array [
                  Object {
                    "key": "N/A",
                    "value": 27,
                  },
                ]
              }
              onClick={[Function]}
              x="key"
              y="value"
            />,
            <PieChart
              data={
                Array [
                  Object {
                    "key": "Afternoon",
                    "value": 12,
                  },
                  Object {
                    "key": "Evening",
                    "value": 1,
                  },
                  Object {
                    "key": "Morning",
                    "value": 7,
                  },
                  Object {
                    "key": "N/A",
                    "value": 1,
                  },
                  Object {
                    "key": "Night",
                    "value": 6,
                  },
                ]
              }
              onClick={[Function]}
              x="key"
              y="value"
            />,
          ],
          "gutter": 48,
          "justify": "space-around",
        },
        "ref": null,
        "rendered": Array [
          Object {
            "instance": null,
            "key": undefined,
            "nodeType": "function",
            "props": Object {
              "data": Array [
                Object {
                  "key": "Cash",
                  "value": 8,
                },
                Object {
                  "key": "CreditCard",
                  "value": 13,
                },
                Object {
                  "key": "KNET",
                  "value": 6,
                },
              ],
              "onClick": [Function],
              "x": "key",
              "y": "value",
            },
            "ref": null,
            "rendered": null,
            "type": [Function],
          },
          Object {
            "instance": null,
            "key": undefined,
            "nodeType": "function",
            "props": Object {
              "data": Array [
                Object {
                  "key": "N/A",
                  "value": 27,
                },
              ],
              "onClick": [Function],
              "x": "key",
              "y": "value",
            },
            "ref": null,
            "rendered": null,
            "type": [Function],
          },
          Object {
            "instance": null,
            "key": undefined,
            "nodeType": "function",
            "props": Object {
              "data": Array [
                Object {
                  "key": "Afternoon",
                  "value": 12,
                },
                Object {
                  "key": "Evening",
                  "value": 1,
                },
                Object {
                  "key": "Morning",
                  "value": 7,
                },
                Object {
                  "key": "N/A",
                  "value": 1,
                },
                Object {
                  "key": "Night",
                  "value": 6,
                },
              ],
              "onClick": [Function],
              "x": "key",
              "y": "value",
            },
            "ref": null,
            "rendered": null,
            "type": [Function],
          },
        ],
        "type": [Function],
      },
      "type": "div",
    },
  ],
  Symbol(enzyme.__options__): Object {
    "adapter": ReactSixteenAdapter {
      "options": Object {
        "enableComponentDidUpdateOnSetState": true,
        "lifecycles": Object {
          "componentDidUpdate": Object {
            "onSetState": true,
          },
          "getDerivedStateFromProps": true,
          "getSnapshotBeforeUpdate": true,
          "setState": Object {
            "skipsComponentDidUpdateOnNullish": true,
          },
        },
      },
    },
  },
}
`;
