// Jest Snapshot v1, https://goo.gl/fbAQLP

exports[`<NotFound /> Component should render children and match snapshot 1`] = `
ShallowWrapper {
  Symbol(enzyme.__root__): [Circular],
  Symbol(enzyme.__unrendered__): <NotFound />,
  Symbol(enzyme.__renderer__): Object {
    "batchedUpdates": [Function],
    "getNode": [Function],
    "render": [Function],
    "simulateError": [Function],
    "simulateEvent": [Function],
    "unmount": [Function],
  },
  Symbol(enzyme.__node__): Object {
    "instance": null,
    "key": undefined,
    "nodeType": "host",
    "props": Object {
      "children": Array [
        <h1
          className="header"
        >
          404
        </h1>,
        <h6
          className="sub-header"
        >
          This page does not exist
        </h6>,
        <p
          className="uk-margin-left uk-text-middle uk-text-muted"
        >
          go back to Home -&gt;
        </p>,
      ],
    },
    "ref": null,
    "rendered": Array [
      Object {
        "instance": null,
        "key": undefined,
        "nodeType": "host",
        "props": Object {
          "children": "404",
          "className": "header",
        },
        "ref": null,
        "rendered": "404",
        "type": "h1",
      },
      Object {
        "instance": null,
        "key": undefined,
        "nodeType": "host",
        "props": Object {
          "children": "This page does not exist",
          "className": "sub-header",
        },
        "ref": null,
        "rendered": "This page does not exist",
        "type": "h6",
      },
      Object {
        "instance": null,
        "key": undefined,
        "nodeType": "host",
        "props": Object {
          "children": "go back to Home ->",
          "className": "uk-margin-left uk-text-middle uk-text-muted",
        },
        "ref": null,
        "rendered": "go back to Home ->",
        "type": "p",
      },
    ],
    "type": "div",
  },
  Symbol(enzyme.__nodes__): Array [
    Object {
      "instance": null,
      "key": undefined,
      "nodeType": "host",
      "props": Object {
        "children": Array [
          <h1
            className="header"
          >
            404
          </h1>,
          <h6
            className="sub-header"
          >
            This page does not exist
          </h6>,
          <p
            className="uk-margin-left uk-text-middle uk-text-muted"
          >
            go back to Home -&gt;
          </p>,
        ],
      },
      "ref": null,
      "rendered": Array [
        Object {
          "instance": null,
          "key": undefined,
          "nodeType": "host",
          "props": Object {
            "children": "404",
            "className": "header",
          },
          "ref": null,
          "rendered": "404",
          "type": "h1",
        },
        Object {
          "instance": null,
          "key": undefined,
          "nodeType": "host",
          "props": Object {
            "children": "This page does not exist",
            "className": "sub-header",
          },
          "ref": null,
          "rendered": "This page does not exist",
          "type": "h6",
        },
        Object {
          "instance": null,
          "key": undefined,
          "nodeType": "host",
          "props": Object {
            "children": "go back to Home ->",
            "className": "uk-margin-left uk-text-middle uk-text-muted",
          },
          "ref": null,
          "rendered": "go back to Home ->",
          "type": "p",
        },
      ],
      "type": "div",
    },
  ],
  Symbol(enzyme.__options__): Object {
    "adapter": ReactSixteenAdapter {
      "options": Object {
        "enableComponentDidUpdateOnSetState": true,
        "lifecycles": Object {
          "componentDidUpdate": Object {
            "onSetState": true,
          },
          "getDerivedStateFromProps": true,
          "getSnapshotBeforeUpdate": true,
          "setState": Object {
            "skipsComponentDidUpdateOnNullish": true,
          },
        },
      },
    },
  },
}
`;
